C51 COMPILER V9.60.0.0   123                                                               07/31/2019 15:38:11 PAGE 1   


C51 COMPILER V9.60.0.0, COMPILATION OF MODULE 123
OBJECT MODULE PLACED IN .\Objects\123.obj
COMPILER INVOKED BY: D:\Keil_v5\C51\BIN\C51.EXE User\123.c OPTIMIZE(8,SPEED) BROWSE INCDIR(.\User) DEBUG OBJECTEXTEND PR
                    -INT(.\Listings\123.lst) TABS(2) OBJECT(.\Objects\123.obj)

line level    source

   1          /**
   2              实现蓝牙发送数据控制电机电机正转和反转 以及 改变转速
   3              发送  0 实现顺时针正转
   4                    1 实现逆时针反转
   5                    2 实现转速为慢速
   6                    3 实现转速为中速
   7                    4 实现转速为快速
   8              运用的LCD1602作为显示
   9                    E = P2 ^ 7;   //1602使能引脚
  10                    RW = P2 ^ 6;    //1602读写引脚
  11                    RS = P2 ^ 5;    //1602数据/命令选择引脚
  12              如有不同在lcd.h中修改引脚参数
  13              **重要：
  14                  因为用的ULN2003芯片，所以对应的引脚
  15                    IN1 --  P1^6
  16                    IN2 --  P1^5
  17                    IN3 --  P1^4
  18                    IN4 --  P1^3
  19                    OUT1  --  橙色线
  20                    OUT2  --  黄色线
  21                    OUT3  --  粉色线
  22                    OUT4  --  蓝色线
  23                  剩下红色接VCC，建议LCD1602和步进电机以及单片机都分开供电
  24              
  25          **/
  26          #include "123.h"
  27          
  28          main()
  29          {
  30   1          L1602_init();
  31   1          Delay(100);
  32   1          UartInit();
  33   1          while(1)
  34   1          {
  35   2            panduan();
  36   2          }
  37   1      }
  38          
  39          void panduan()
  40          {
  41   1        if(flag == 0)   //判断正转
  42   1        {
  43   2          led = 0;  //状态灯灭
  44   2                
  45   2          forward(speed);   //电机执行正转且返回速度送给下面进行判断
  46   2                
  47   2          if(speed == 1)      //如果为1 则速度显示为快速
  48   2          {
  49   3            LCD_display("Mo Dir: Goto","Mo Spd: Fast ^_^");
  50   3          }
  51   2                
  52   2          else if(speed == 3)   //如果为3 则速度显示为中速
  53   2          {
  54   3            LCD_display("Mo Dir: Goto","Mo Spd: Norl ^_^");
C51 COMPILER V9.60.0.0   123                                                               07/31/2019 15:38:11 PAGE 2   

  55   3          }
  56   2                
  57   2          else if(speed == 5)   //如果为5 则速度显示为慢速
  58   2          {
  59   3            LCD_display("Mo Dir: Goto","Mo Spd: Slow ^_^");
  60   3          }
  61   2        }
  62   1      
  63   1      
  64   1        if(flag == 1)     //判断反转
  65   1        {
  66   2            led = 1;      //状态灯亮
  67   2                
  68   2          back(speed);
  69   2            
  70   2          if(speed == 1)      //电机执行正转且返回速度送给下面进行判断
  71   2          {
  72   3            LCD_display("Mo Dir: Back","Mo Spd: Fast ^_^");
  73   3          }
  74   2          else if(speed == 3)
  75   2          {
  76   3            LCD_display("Mo Dir: Back","Mo Spd: Norl ^_^");
  77   3          }
  78   2          else if(speed == 5)
  79   2          {
  80   3            LCD_display("Mo Dir: Back","Mo Spd: Slow ^_^");
  81   3          }
  82   2        }
  83   1      }
  84          
  85          
  86          void Usart() interrupt 4
  87          {
  88   1          uchar n; //定义临时变量
  89   1      //  led = 1;
  90   1          if(RI) //判断是接收中断产生
  91   1          {
  92   2              RI = 0; //标志位清零
  93   2              n = SBUF; //读入缓冲区的值
  94   2              switch(n)
  95   2              {
  96   3              case'0':    //控制正转
  97   3                flag = 0;
  98   3               break;
  99   3              
 100   3              case'1':    //控制反转
 101   3                flag = 1;
 102   3               break;
 103   3              
 104   3              case'2':    //控制速度为慢
 105   3                speed = 5;
 106   3              break;
 107   3              
 108   3              case'3':    //控制速度为中等
 109   3                speed = 3;
 110   3              break;
 111   3              
 112   3              case'4':    //控制速度为快
 113   3                speed = 1;
 114   3              break;
 115   3              
 116   3              }
C51 COMPILER V9.60.0.0   123                                                               07/31/2019 15:38:11 PAGE 3   

 117   2              TI = 1;
 118   2              SBUF = n; //把接收到的值再发回
 119   2          }
 120   1          if(TI) //如果是发送标志位，清零
 121   1              TI = 0;
 122   1      }


MODULE INFORMATION:   STATIC OVERLAYABLE
   CODE SIZE        =    247    ----
   CONSTANT SIZE    =     77    ----
   XDATA SIZE       =   ----    ----
   PDATA SIZE       =   ----    ----
   DATA SIZE        =      2    ----
   IDATA SIZE       =   ----    ----
   BIT SIZE         =      1    ----
END OF MODULE INFORMATION.


C51 COMPILATION COMPLETE.  0 WARNING(S),  0 ERROR(S)
